
> danarapi@0.1.0 check:web
> npm run web:lint && npm run web:typecheck && npm run web:test && npm run web:build


> danarapi@0.1.0 web:lint
> npm run lint --prefix apps/web


> @danarapi/web@0.1.0 lint
> eslint src tests e2e


> danarapi@0.1.0 web:typecheck
> npm run typecheck --prefix apps/web


> @danarapi/web@0.1.0 typecheck
> vue-tsc --noEmit


> danarapi@0.1.0 web:test
> npm run test --prefix apps/web


> @danarapi/web@0.1.0 test
> node --experimental-strip-types --test tests/*.test.ts

✔ golden fixture uses contract v1 (0.617ms)
✔ IDR JSON boundary accepts decimal strings only (0.485125ms)
✔ equal split distributes remainder in visible order (0.630125ms)
✔ percentage split uses largest remainder and stable order (0.232041ms)
✔ all expected financial amounts remain JSON strings (0.858417ms)
✔ seed shared: exact 200 transactions, 3 months; reset discards mutations (166.395042ms)
✔ QR/CRC golden import fixture (0.51925ms)
✔ text golden: explicit total only; ambiguous subtotal never guessed (4.135584ms)
✔ invalid date and multiple totals require user confirmation (0.148583ms)
✔ equal/percentage/amount share validation (0.356708ms)
✔ §3.5 self-paid: cash -120000, expense 40000, receivable 80000 (44.494084ms)
✔ §3.5 friend-paid: cash unchanged, expense 40000, payable 40000 (42.023084ms)
✔ settlements change cash, not expense/income/budget; overpay rejected (42.703334ms)
✔ writeoff noncash + reversal preserves account and reporting (43.825667ms)
✔ friend payable forgiveness is noncash income (42.944667ms)
✔ active settlement locks structure/delete (42.169167ms)
✔ idempotency + stale version + failed mutation rollback (42.730541ms)
✔ transfer is atomic; same account rejected; edit/delete/restore no expense (42.346542ms)
✔ review never affects balances before explicit confirm; confirm only once (41.66825ms)
✔ review-to-split and posted conversion replace original impact atomically (43.468541ms)
✔ duplicate uses bill total, ±2 days, normalized merchant, selected account (42.473042ms)
✔ filter/CSV share same row set and stable keyset order (45.804084ms)
✔ CSV BOM, decimal negative numbers, text formula escape (0.162458ms)
✔ full ZIP has six CSVs, versioned data, verified SHA manifest (204.282208ms)
✔ last active account, duplicate category name and archived category prevented (43.280541ms)
✔ timezone period boundaries use local day, not UTC date substring (2.306459ms)
✔ all demo derived financial totals remain decimal strings (100.291792ms)
✔ snapshot rejects JSON numbers including extraction field values (41.324709ms)
✔ six CSV headers match shared contract; expense and cash sums match period reports (75.561792ms)
✔ duplicate bill merge marks review without changing balances or reports (202.708542ms)
✔ item split matches the shared PostgreSQL and Swift golden fixture (1.844834ms)
✔ item split rejects incomplete allocation, duplicates and monetary overflow (0.486208ms)
✔ item split rejects non-string receipt and participant identities (0.193875ms)
ℹ tests 33
ℹ suites 0
ℹ pass 33
ℹ fail 0
ℹ cancelled 0
ℹ skipped 0
ℹ todo 0
ℹ duration_ms 1590.12875

> danarapi@0.1.0 web:build
> npm run build --prefix apps/web


> @danarapi/web@0.1.0 build
> vue-tsc --noEmit && vite build

vite v7.3.6 building client environment for production...
transforming...
✓ 1966 modules transformed.
rendering chunks...
computing gzip size...
dist/index.html                              1.02 kB │ gzip:   0.54 kB
dist/assets/pdf.worker.min-Dswkl-cV.mjs  1,265.41 kB
dist/assets/index-Bwrz9xdH.css              31.16 kB │ gzip:   6.70 kB
dist/assets/pdf.worker.min-CWpYdfRJ.js       0.07 kB │ gzip:   0.09 kB
dist/assets/jsQR-BnGm8Ll0.js               130.78 kB │ gzip:  47.46 kB
dist/assets/index-DFeHuJGb.js              248.15 kB │ gzip:  78.69 kB
dist/assets/pdf-YYBQA8p7.js                437.74 kB │ gzip: 131.10 kB
✓ built in 2.40s
