
> @danarapi/web@0.1.0 test:e2e
> playwright test --project=chromium --project=webkit

[WebServer] (node:14678) Warning: The 'NO_COLOR' env is ignored due to the 'FORCE_COLOR' env being set.
[WebServer] (Use `node --trace-warnings ...` to show where the warning was created)

Running 40 tests using 1 worker

(node:14681) Warning: The 'NO_COLOR' env is ignored due to the 'FORCE_COLOR' env being set.
(Use `node --trace-warnings ...` to show where the warning was created)
  ✓   1 [chromium] › e2e/web.spec.ts:21:1 › Local QR image/PDF import, MIME/5MB errors, no automatic posting (3.7s)
  ✓   2 [chromium] › e2e/web.spec.ts:24:1 › Unreadable PDF and unsupported QR retain attachments for manual review (1.6s)
  ✓   3 [chromium] › e2e/web.spec.ts:33:1 › Posted manual attachment and confirmed import preview never post another transaction (2.1s)
  ✓   4 [chromium] › e2e/web.spec.ts:57:1 › Large synthetic snapshot keeps transaction DOM bounded and filters usable (2.3s)
  ✓   5 [chromium] › e2e/web.spec.ts:72:1 › Bundled Demo PDF imports locally with evidence and no posting (1.4s)
  ✓   6 [chromium] › e2e/web.spec.ts:81:1 › Duplicate bill review can be dismissed or explicitly merged without double posting (806ms)
  ✓   7 [chromium] › e2e/web.spec.ts:98:1 › 20 quick entries and 10 split entries automated regression, not human usability (4.7s)
  ✓   8 [chromium] › e2e/web.spec.ts:105:38 › accessibility five screens, small phone, 200% text light (5.7s)
  ✓   9 [chromium] › e2e/web.spec.ts:105:38 › accessibility five screens, small phone, 200% text dark (4.9s)
  ✓  10 [chromium] › e2e/web.spec.ts:154:1 › Demo offline, no backend; edit/delete/undo; CSV matches filter (1.2s)
  ✓  11 [chromium] › e2e/web.spec.ts:161:1 › Import remains review; ambiguous amount missing; explicit confirmation; reject undo (982ms)
  ✓  12 [chromium] › e2e/web.spec.ts:165:1 › Split bill, partial settlement, overpay, noncash resolution and reversal (1.2s)
  ✓  13 [chromium] › e2e/web.spec.ts:168:1 › Transfer validation, creation, edit/delete/undo; last account protected (952ms)
  ✓  14 [chromium] › e2e/web.spec.ts:171:1 › Unsaved input guards browser back; keyboard focus; theme persists without sensitive data (984ms)
  ✓  15 [chromium] › e2e/web.spec.ts:174:1 › Keyboard dialog traps focus, Escape restores trigger; controls meet 44px and reduced motion (964ms)
  ✓  16 [chromium] › e2e/web.spec.ts:193:1 › Accounts, categories, merchant rules, budget and full export (1.2s)
  ✓  17 [chromium] › e2e/web.spec.ts:197:69 › visual five screens 390 light (1.1s)
  ✓  18 [chromium] › e2e/web.spec.ts:197:69 › visual five screens 390 dark (1.3s)
  ✓  19 [chromium] › e2e/web.spec.ts:197:69 › visual five screens 1440 light (1.7s)
  ✓  20 [chromium] › e2e/web.spec.ts:197:69 › visual five screens 1440 dark (2.0s)
(node:14803) Warning: The 'NO_COLOR' env is ignored due to the 'FORCE_COLOR' env being set.
(Use `node --trace-warnings ...` to show where the warning was created)
  ✓  21 [webkit] › e2e/web.spec.ts:21:1 › Local QR image/PDF import, MIME/5MB errors, no automatic posting (4.8s)
  ✓  22 [webkit] › e2e/web.spec.ts:24:1 › Unreadable PDF and unsupported QR retain attachments for manual review (3.4s)
  ✓  23 [webkit] › e2e/web.spec.ts:33:1 › Posted manual attachment and confirmed import preview never post another transaction (3.6s)
  ✓  24 [webkit] › e2e/web.spec.ts:57:1 › Large synthetic snapshot keeps transaction DOM bounded and filters usable (3.0s)
  ✓  25 [webkit] › e2e/web.spec.ts:72:1 › Bundled Demo PDF imports locally with evidence and no posting (2.3s)
  ✓  26 [webkit] › e2e/web.spec.ts:81:1 › Duplicate bill review can be dismissed or explicitly merged without double posting (1.7s)
  ✓  27 [webkit] › e2e/web.spec.ts:98:1 › 20 quick entries and 10 split entries automated regression, not human usability (9.5s)
  ✓  28 [webkit] › e2e/web.spec.ts:105:38 › accessibility five screens, small phone, 200% text light (9.0s)
  ✓  29 [webkit] › e2e/web.spec.ts:105:38 › accessibility five screens, small phone, 200% text dark (8.6s)
  ✓  30 [webkit] › e2e/web.spec.ts:154:1 › Demo offline, no backend; edit/delete/undo; CSV matches filter (2.4s)
  ✓  31 [webkit] › e2e/web.spec.ts:161:1 › Import remains review; ambiguous amount missing; explicit confirmation; reject undo (1.9s)
  ✓  32 [webkit] › e2e/web.spec.ts:165:1 › Split bill, partial settlement, overpay, noncash resolution and reversal (2.4s)
  ✓  33 [webkit] › e2e/web.spec.ts:168:1 › Transfer validation, creation, edit/delete/undo; last account protected (1.9s)
  ✓  34 [webkit] › e2e/web.spec.ts:171:1 › Unsaved input guards browser back; keyboard focus; theme persists without sensitive data (2.2s)
  ✓  35 [webkit] › e2e/web.spec.ts:174:1 › Keyboard dialog traps focus, Escape restores trigger; controls meet 44px and reduced motion (1.8s)
  ✓  36 [webkit] › e2e/web.spec.ts:193:1 › Accounts, categories, merchant rules, budget and full export (2.5s)
  ✓  37 [webkit] › e2e/web.spec.ts:197:69 › visual five screens 390 light (2.6s)
  ✓  38 [webkit] › e2e/web.spec.ts:197:69 › visual five screens 390 dark (2.8s)
  ✓  39 [webkit] › e2e/web.spec.ts:197:69 › visual five screens 1440 light (3.0s)
  ✓  40 [webkit] › e2e/web.spec.ts:197:69 › visual five screens 1440 dark (2.3s)

  40 passed (2.0m)
