
> danarapi@0.1.0 web:e2e
> npm run test:e2e --prefix apps/web


> @danarapi/web@0.1.0 test:e2e
> playwright test

[WebServer] (node:13141) Warning: The 'NO_COLOR' env is ignored due to the 'FORCE_COLOR' env being set.
[WebServer] (Use `node --trace-warnings ...` to show where the warning was created)

Running 18 tests using 1 worker

(node:13145) Warning: The 'NO_COLOR' env is ignored due to the 'FORCE_COLOR' env being set.
(Use `node --trace-warnings ...` to show where the warning was created)
  ✓   1 e2e/web.spec.ts:20:1 › Local QR image/PDF import, MIME/5MB errors, no automatic posting (3.4s)
  ✓   2 e2e/web.spec.ts:23:1 › Unreadable PDF and unsupported QR retain attachments for manual review (1.6s)
  ✓   3 e2e/web.spec.ts:32:1 › Bundled Demo PDF imports locally with evidence and no posting (1.4s)
  ✓   4 e2e/web.spec.ts:41:1 › Duplicate bill review can be dismissed or explicitly merged without double posting (1.1s)
  ✓   5 e2e/web.spec.ts:58:1 › 20 quick entries and 10 split entries automated regression, not human usability (8.0s)
  ✓   6 e2e/web.spec.ts:65:38 › accessibility five screens, small phone, 200% text light (4.7s)
  ✓   7 e2e/web.spec.ts:65:38 › accessibility five screens, small phone, 200% text dark (4.2s)
  ✓   8 e2e/web.spec.ts:113:1 › Demo offline, no backend; edit/delete/undo; CSV matches filter (1.3s)
  ✓   9 e2e/web.spec.ts:120:1 › Import remains review; ambiguous amount missing; explicit confirmation; reject undo (1.1s)
  ✓  10 e2e/web.spec.ts:124:1 › Split bill, partial settlement, overpay, noncash resolution and reversal (1.3s)
  ✓  11 e2e/web.spec.ts:127:1 › Transfer validation, creation, edit/delete/undo; last account protected (1.2s)
  ✓  12 e2e/web.spec.ts:130:1 › Unsaved input guards browser back; keyboard focus; theme persists without sensitive data (836ms)
  ✓  13 e2e/web.spec.ts:133:1 › Keyboard dialog traps focus, Escape restores trigger; controls meet 44px and reduced motion (626ms)
  ✓  14 e2e/web.spec.ts:149:1 › Accounts, categories, merchant rules, budget and full export (1.3s)
  ✓  15 e2e/web.spec.ts:153:69 › visual five screens 390 light (1.3s)
  ✓  16 e2e/web.spec.ts:153:69 › visual five screens 390 dark (1.3s)
  ✓  17 e2e/web.spec.ts:153:69 › visual five screens 1440 light (1.5s)
  ✓  18 e2e/web.spec.ts:153:69 › visual five screens 1440 dark (1.6s)

  18 passed (40.0s)
