
> danarapi@0.1.0 test:swift
> swift test --package-path apps/ios

Building for debugging...
[Using on-disk description]
[1 / 5]
Build complete! (0,86 secs)
Test Suite 'All tests' started at 2026-10-01 03:49:05.133.
Test Suite 'DanarapiContractsTests.xctest' started at 2026-10-01 03:49:05.135.
Test Suite 'GoldenFixtureTests' started at 2026-10-01 03:49:05.136.
Test Case '-[DanarapiContractsTests.GoldenFixtureTests testContractVersionAndMoneyStrings]' started.
Test Case '-[DanarapiContractsTests.GoldenFixtureTests testContractVersionAndMoneyStrings]' passed (0.006 seconds).
Test Case '-[DanarapiContractsTests.GoldenFixtureTests testSplitRoundingMatchesGoldenFixture]' started.
Test Case '-[DanarapiContractsTests.GoldenFixtureTests testSplitRoundingMatchesGoldenFixture]' passed (0.001 seconds).
Test Suite 'GoldenFixtureTests' passed at 2026-10-01 03:49:05.144.
	 Executed 2 tests, with 0 failures (0 unexpected) in 0.007 (0.008) seconds
Test Suite 'ItemSplitTests' started at 2026-10-01 03:49:05.144.
Test Case '-[DanarapiContractsTests.ItemSplitTests testServerGoldenFixture]' started.
Test Case '-[DanarapiContractsTests.ItemSplitTests testServerGoldenFixture]' passed (0.002 seconds).
Test Case '-[DanarapiContractsTests.ItemSplitTests testUnassignedDuplicateUnknownAndOverflowRejected]' started.
Test Case '-[DanarapiContractsTests.ItemSplitTests testUnassignedDuplicateUnknownAndOverflowRejected]' passed (0.000 seconds).
Test Suite 'ItemSplitTests' passed at 2026-10-01 03:49:05.146.
	 Executed 2 tests, with 0 failures (0 unexpected) in 0.002 (0.003) seconds
Test Suite 'DanarapiContractsTests.xctest' passed at 2026-10-01 03:49:05.147.
	 Executed 4 tests, with 0 failures (0 unexpected) in 0.010 (0.011) seconds
Test Suite 'All tests' passed at 2026-10-01 03:49:05.147.
	 Executed 4 tests, with 0 failures (0 unexpected) in 0.010 (0.014) seconds
◇ Test run started.
↳ Testing Library Version: 2084
↳ Target Platform: arm64e-apple-macos14.0
✔ Test run with 0 tests in 0 suites passed after 0.001 seconds.

> danarapi@0.1.0 test:swift:fixture
> sh tests/swift/golden.sh

Swift golden fixture passed: money, equal split, percentage split.

> danarapi@0.1.0 test:swift:typecheck
> sh tests/swift/typecheck.sh

Swift source and XCTest type-check passed.
Full iOS app, XCTest, and UI test source type-check passed.
